# Device: RND 320-KA3005P V2.0
# Vmax: 18.00
# Imax: 5.000
# Timestamp[s] Voltage[V] Current[A]
1774271709.772 18.00 0.056
1774271709.860 18.00 0.056
1774271709.966 18.00 0.053
1774271710.047 18.00 0.053
1774271710.128 18.00 0.053
1774271710.209 18.00 0.055
1774271710.290 18.00 0.055
1774271710.372 18.00 0.055
1774271710.453 18.00 0.055
1774271710.534 18.00 0.055
1774271710.615 18.00 0.055
1774271710.696 18.00 0.056
1774271710.777 18.00 0.056
1774271710.858 18.00 0.056
1774271710.939 18.00 0.056
1774271711.020 18.00 0.055
1774271711.101 18.00 0.055
1774271711.182 18.00 0.055
1774271711.263 18.00 0.055
1774271711.345 18.00 0.055
1774271711.426 18.00 0.055
1774271711.507 18.00 0.053
1774271711.588 18.00 0.053
1774271711.670 18.00 0.053
1774271711.751 18.00 0.053
1774271711.832 18.00 0.056
1774271711.913 18.00 0.056
1774271711.994 18.00 0.056
1774271712.075 18.00 0.053
1774271712.157 18.00 0.053
1774271712.238 18.00 0.053
1774271712.319 18.00 0.053
1774271712.400 18.00 0.055
1774271712.482 18.00 0.055
1774271712.564 18.00 0.055
1774271712.648 18.00 0.053
1774271712.729 18.00 0.053
1774271712.810 18.00 0.053
1774271712.891 18.00 0.053
1774271712.972 18.00 0.055
1774271713.053 18.00 0.055
1774271713.134 18.00 0.055
1774271713.215 18.00 0.053
1774271713.296 18.00 0.053
1774271713.377 18.00 0.053
1774271713.459 18.00 0.053
1774271713.540 18.00 0.055
1774271713.621 18.00 0.055
1774271713.702 18.00 0.055
1774271713.783 18.00 0.055
1774271713.864 18.00 0.055
1774271713.946 18.00 0.055
1774271714.027 18.00 0.055
1774271714.108 18.00 0.055
1774271714.189 18.00 0.055
1774271714.270 18.00 0.055
1774271714.351 18.00 0.055
1774271714.433 18.00 0.055
1774271714.514 18.00 0.055
1774271714.595 18.00 0.055
1774271714.676 18.00 0.055
1774271714.777 18.00 0.055
1774271714.859 18.00 0.055
1774271714.940 18.00 0.055
1774271715.021 18.00 0.055
1774271715.102 18.00 0.055
1774271715.183 18.00 0.055
1774271715.264 18.00 0.055
1774271715.345 18.00 0.055
1774271715.426 18.00 0.055
1774271715.507 18.00 0.055
1774271715.588 18.00 0.055
1774271715.669 18.00 0.053
1774271715.750 18.00 0.053
1774271715.832 18.00 0.053
1774271715.913 18.00 0.053
1774271715.994 18.00 0.053
1774271716.075 18.00 0.053
1774271716.156 18.00 0.053
1774271716.237 18.00 0.053
1774271716.318 18.00 0.124
1774271716.399 18.00 0.124
1774271716.480 18.00 0.124
1774271716.561 18.00 0.124
1774271716.662 18.00 0.069
1774271716.743 18.00 0.069
1774271716.825 18.00 0.069
1774271716.906 18.00 0.106
1774271716.987 18.00 0.106
1774271717.068 18.00 0.106
1774271717.149 18.00 0.106
1774271717.230 18.00 0.150
1774271717.311 18.00 0.150
1774271717.393 18.00 0.150
1774271717.474 18.00 0.150
1774271717.555 18.00 0.056
1774271717.656 18.00 0.056
1774271717.737 18.00 0.056
1774271717.818 18.00 0.056
1774271717.899 18.00 0.055
1774271717.981 18.00 0.055
1774271718.062 18.00 0.055
1774271718.143 18.00 0.055
1774271718.224 18.00 0.053
1774271718.325 18.00 0.053
1774271718.427 18.00 0.053
1774271718.508 18.00 0.053
1774271718.589 18.00 0.055
1774271718.670 18.00 0.055
1774271718.751 18.00 0.055
1774271718.832 18.00 0.055
1774271718.934 18.00 0.055
1774271719.015 18.00 0.055
1774271719.096 18.00 0.055
1774271719.177 18.00 0.055
1774271719.279 18.00 0.055
1774271719.360 18.00 0.055
1774271719.441 18.00 0.055
1774271719.522 18.00 0.055
1774271719.624 18.00 0.125
1774271719.705 18.00 0.125
1774271719.786 18.00 0.125
1774271719.867 18.00 0.125
1774271719.948 18.00 0.181
1774271720.049 18.00 0.181
1774271720.151 18.00 0.181
1774271720.252 18.00 0.181
1774271720.333 18.00 0.228
1774271720.435 18.00 0.228
1774271720.536 18.00 0.228
1774271720.617 18.00 0.228
1774271720.719 18.00 0.402
1774271720.820 18.00 0.402
1774271720.901 18.00 0.402
1774271721.002 18.00 0.958
1774271721.104 18.00 0.958
1774271721.185 18.00 0.958
1774271721.266 18.00 0.958
1774271721.347 18.00 0.958
1774271721.428 18.00 1.083
1774271721.510 18.00 1.083
1774271721.611 18.00 1.083
1774271721.692 18.00 1.083
1774271721.773 18.00 1.271
1774271721.875 18.00 1.271
1774271721.976 18.00 1.271
1774271722.057 18.00 1.271
1774271722.159 18.00 0.954
1774271722.260 18.00 0.954
1774271722.341 18.00 0.954
1774271722.443 18.00 0.954
1774271722.524 18.00 0.969
1774271722.625 30.00 0.969
1774271722.706 26.77 0.969
1774271722.807 18.63 0.162
1774271722.909 18.00 0.162
1774271722.990 18.00 0.162
1774271723.091 18.00 0.162
1774271723.172 18.00 0.137
1774271723.273 18.00 0.137
1774271723.354 18.00 0.137
1774271723.456 18.00 0.137
1774271723.537 18.00 0.051
1774271723.638 18.00 0.051
1774271723.719 18.00 0.051
1774271723.801 18.00 0.051
1774271723.882 18.00 0.051
1774271723.963 18.00 0.289
1774271724.065 18.00 0.289
1774271724.146 18.00 0.289
1774271724.227 18.00 0.289
1774271724.328 18.00 0.234
1774271724.430 18.00 0.234
1774271724.511 18.00 0.234
1774271724.612 18.00 0.055
1774271724.714 18.00 0.055
1774271724.795 18.00 0.055
1774271724.896 18.00 0.055
1774271724.977 18.00 0.053
1774271725.078 18.00 0.053
1774271725.159 18.00 0.053
1774271725.261 18.00 0.053
1774271725.342 18.00 0.055
1774271725.443 18.00 0.055
1774271725.525 18.00 0.055
1774271725.606 18.00 0.055
1774271725.686 18.00 0.055
1774271725.767 18.00 0.055
1774271725.849 18.00 0.055
1774271725.930 18.00 0.055
1774271726.011 18.00 0.055
1774271726.092 18.00 0.053
1774271726.173 18.00 0.053
1774271726.274 18.00 0.053
1774271726.355 18.00 0.053
1774271726.456 18.00 0.055
1774271726.538 18.00 0.055
1774271726.639 18.00 0.055
1774271726.740 18.00 0.055
1774271726.821 18.00 0.055
1774271726.923 18.00 0.055
1774271727.024 18.00 0.055
1774271727.105 18.00 0.055
1774271727.186 18.00 0.055
1774271727.287 18.00 0.055
1774271727.388 18.00 0.055
1774271727.469 18.00 0.055
1774271727.550 18.00 0.053
1774271727.658 18.00 0.053
1774271727.741 18.00 0.053
1774271727.822 18.00 0.053
1774271727.903 18.00 0.055
1774271727.984 18.00 0.055
1774271728.086 18.00 0.055
1774271728.187 18.00 0.055
1774271728.269 18.00 0.055
1774271728.370 18.00 0.055
1774271728.471 18.00 0.055
