# Device: RND 320-KA3005P V2.0
# Vmax: 18.00
# Imax: 5.000
# Timestamp[s] Voltage[V] Current[A]
1774272996.965 18.00 0.053
1774272997.050 18.00 0.056
1774272997.132 18.00 0.056
1774272997.213 18.00 0.055
1774272997.294 18.00 0.055
1774272997.375 18.00 0.055
1774272997.456 18.00 0.055
1774272997.538 18.00 0.055
1774272997.619 18.00 0.055
1774272997.700 18.00 0.055
1774272997.782 18.00 0.055
1774272997.863 18.00 0.053
1774272997.944 18.00 0.053
1774272998.025 18.00 0.053
1774272998.106 18.00 0.053
1774272998.188 18.00 0.053
1774272998.270 18.00 0.055
1774272998.351 18.00 0.055
1774272998.436 18.00 0.055
1774272998.521 18.00 0.055
1774272998.603 18.00 0.055
1774272998.684 18.00 0.055
1774272998.765 18.00 0.055
1774272998.846 18.00 0.055
1774272998.927 18.00 0.055
1774272999.009 18.00 0.055
1774272999.090 18.00 0.055
1774272999.171 18.00 0.055
1774272999.252 18.00 0.055
1774272999.333 18.00 0.055
1774272999.415 18.00 0.053
1774272999.496 18.00 0.053
1774272999.577 18.00 0.053
1774272999.658 18.00 0.055
1774272999.739 18.00 0.055
1774272999.820 18.00 0.055
1774272999.901 18.00 0.053
1774272999.982 18.00 0.053
1774273000.064 18.00 0.053
1774273000.145 18.00 0.056
1774273000.226 18.00 0.056
1774273000.307 18.00 0.056
1774273000.388 18.00 0.053
1774273000.469 18.00 0.053
1774273000.551 18.00 0.053
1774273000.632 18.00 0.053
1774273000.713 18.00 0.053
1774273000.794 18.00 0.053
1774273000.875 18.00 0.053
1774273000.956 18.00 0.053
1774273001.037 18.00 0.053
1774273001.118 18.00 0.111
1774273001.199 18.00 0.111
1774273001.280 18.00 0.111
1774273001.362 18.00 0.117
1774273001.443 18.00 0.117
1774273001.524 18.00 0.117
1774273001.605 18.00 0.053
1774273001.686 18.00 0.053
1774273001.768 18.00 0.053
1774273001.849 18.00 0.111
1774273001.930 18.00 0.111
1774273002.011 18.00 0.111
1774273002.093 18.00 0.111
1774273002.174 18.00 0.155
1774273002.255 18.00 0.155
1774273002.336 18.00 0.155
1774273002.417 18.00 0.076
1774273002.498 18.00 0.076
1774273002.579 18.00 0.076
1774273002.660 18.00 0.053
1774273002.741 18.00 0.053
1774273002.822 18.00 0.053
1774273002.904 18.00 0.053
1774273002.985 18.00 0.201
1774273003.066 18.00 0.201
1774273003.147 18.00 0.201
1774273003.228 18.00 0.262
1774273003.309 18.00 0.262
1774273003.390 18.00 0.262
1774273003.471 18.00 0.513
1774273003.553 18.00 0.513
1774273003.634 18.00 0.513
1774273003.715 18.00 0.513
1774273003.796 18.00 0.562
1774273003.877 18.00 0.562
1774273003.958 18.00 0.562
1774273004.039 18.00 0.885
1774273004.120 18.00 0.885
1774273004.202 18.00 0.885
1774273004.283 18.00 0.885
1774273004.364 18.00 1.022
1774273004.445 18.00 1.022
1774273004.526 18.00 1.022
1774273004.607 18.00 1.022
1774273004.688 18.00 1.230
1774273004.769 18.00 1.230
1774273004.850 18.00 1.230
1774273004.931 18.00 1.299
1774273005.012 18.00 1.299
1774273005.093 18.00 1.299
1774273005.174 18.00 1.299
1774273005.255 18.00 1.520
1774273005.336 18.00 1.520
1774273005.418 18.00 1.520
1774273005.499 18.00 1.389
1774273005.600 18.00 1.389
1774273005.681 18.00 1.389
1774273005.763 18.00 1.389
1774273005.844 18.00 0.697
1774273005.925 18.00 0.697
1774273006.006 18.00 0.697
1774273006.088 18.00 0.697
1774273006.169 18.00 0.699
1774273006.250 18.00 0.699
1774273006.331 18.00 0.699
1774273006.412 18.00 0.483
1774273006.494 18.00 0.483
1774273006.575 18.00 0.483
1774273006.656 18.00 0.483
1774273006.737 18.00 0.490
1774273006.818 18.00 0.490
1774273006.900 18.00 0.490
1774273006.981 18.00 0.490
1774273007.062 18.00 0.523
1774273007.143 18.00 0.523
1774273007.225 18.00 0.523
1774273007.306 18.00 0.523
1774273007.387 18.00 0.407
1774273007.468 18.00 0.407
1774273007.550 18.00 0.407
1774273007.631 18.00 0.407
1774273007.712 18.00 0.211
1774273007.813 18.00 0.211
1774273007.894 18.00 0.211
1774273007.976 18.00 0.211
1774273008.057 18.00 0.193
1774273008.138 18.00 0.193
1774273008.219 18.00 0.193
1774273008.300 18.00 0.193
1774273008.382 18.00 0.083
1774273008.484 18.00 0.083
1774273008.565 18.00 0.083
1774273008.646 18.00 0.102
1774273008.747 18.00 0.102
1774273008.829 18.00 0.102
1774273008.910 18.00 0.102
1774273008.991 18.00 0.261
1774273009.072 18.00 0.261
1774273009.153 18.00 0.261
1774273009.234 18.00 0.261
1774273009.315 18.00 0.443
1774273009.417 18.00 0.443
1774273009.498 18.00 0.443
1774273009.579 18.00 0.443
1774273009.680 18.00 0.659
1774273009.761 18.00 0.659
1774273009.842 18.00 0.659
1774273009.923 18.00 0.659
1774273010.004 18.00 0.780
1774273010.085 18.00 0.780
1774273010.166 18.00 0.780
1774273010.248 18.00 0.780
1774273010.329 18.00 1.091
1774273010.430 18.00 1.091
1774273010.512 18.00 1.091
1774273010.593 18.00 1.091
1774273010.674 18.00 1.197
1774273010.775 18.00 1.197
1774273010.857 18.00 1.197
1774273010.938 18.00 1.197
1774273011.019 18.00 1.170
1774273011.100 18.00 1.170
1774273011.181 18.00 1.170
1774273011.262 18.00 1.170
1774273011.343 18.00 1.170
1774273011.424 18.00 0.832
1774273011.546 18.00 0.832
1774273011.627 18.00 0.832
1774273011.728 18.00 0.570
1774273011.829 18.00 0.570
1774273011.910 18.00 0.570
1774273011.991 18.00 0.570
1774273012.072 18.00 0.570
1774273012.154 18.00 0.491
1774273012.255 18.00 0.491
1774273012.336 18.00 0.491
1774273012.437 18.00 0.439
1774273012.539 18.00 0.439
1774273012.620 18.00 0.439
1774273012.701 18.00 0.439
1774273012.802 18.00 0.364
1774273012.903 18.00 0.364
1774273012.985 18.00 0.364
1774273013.086 18.00 0.364
1774273013.167 18.00 0.183
1774273013.268 18.00 0.183
1774273013.370 18.00 0.183
1774273013.451 18.00 0.183
1774273013.552 18.00 0.147
1774273013.633 18.00 0.147
1774273013.735 18.00 0.147
1774273013.838 18.00 0.147
1774273013.919 18.00 0.261
1774273014.020 18.00 0.261
1774273014.122 18.00 0.261
1774273014.203 18.00 0.261
1774273014.284 18.00 0.503
1774273014.386 18.00 0.503
1774273014.487 18.00 0.503
1774273014.568 18.00 0.503
1774273014.669 18.00 0.208
1774273014.771 18.00 0.208
1774273014.852 18.00 0.208
1774273014.953 18.00 0.208
1774273015.035 18.00 0.429
1774273015.136 18.00 0.429
1774273015.217 18.00 0.429
1774273015.318 18.00 0.175
1774273015.420 18.00 0.175
1774273015.501 18.00 0.175
1774273015.602 18.00 0.175
1774273015.683 18.00 0.354
1774273015.785 18.00 0.354
1774273015.866 18.00 0.354
1774273015.968 18.00 0.354
1774273016.069 18.00 0.140
1774273016.150 18.00 0.140
1774273016.252 18.00 0.140
1774273016.333 18.00 0.140
1774273016.434 18.00 0.261
1774273016.515 18.00 0.261
1774273016.617 18.00 0.261
1774273016.718 18.00 0.261
1774273016.799 18.00 0.074
1774273016.900 18.00 0.074
1774273017.002 18.00 0.074
1774273017.083 18.00 0.074
1774273017.164 18.00 0.165
1774273017.265 18.00 0.165
1774273017.367 18.00 0.165
1774273017.448 18.00 0.165
1774273017.549 18.00 0.074
1774273017.651 18.00 0.074
1774273017.732 18.00 0.074
1774273017.813 18.00 0.074
1774273017.915 18.00 0.134
1774273018.016 18.00 0.134
1774273018.097 18.00 0.134
1774273018.198 18.00 0.214
1774273018.300 18.00 0.214
1774273018.381 18.00 0.214
1774273018.462 18.00 0.214
1774273018.563 18.00 0.092
1774273018.665 18.00 0.092
1774273018.746 18.00 0.092
1774273018.847 18.00 0.092
1774273018.928 18.00 0.117
1774273019.030 18.00 0.117
1774273019.131 18.00 0.117
1774273019.212 18.00 0.117
1774273019.313 18.00 0.275
1774273019.394 18.00 0.275
1774273019.496 18.00 0.275
1774273019.597 18.00 0.275
1774273019.678 18.00 0.144
1774273019.780 18.00 0.144
1774273019.881 18.00 0.144
1774273019.962 18.00 0.144
1774273020.044 18.00 0.056
1774273020.145 18.00 0.056
1774273020.246 18.00 0.056
1774273020.328 18.00 0.056
1774273020.409 18.00 0.228
1774273020.510 18.00 0.228
1774273020.612 18.00 0.228
1774273020.693 18.00 0.228
1774273020.794 18.00 0.096
1774273020.896 18.00 0.096
1774273020.977 18.00 0.096
1774273021.078 18.00 0.137
1774273021.180 18.00 0.137
1774273021.261 18.00 0.137
1774273021.362 18.00 0.137
1774273021.443 18.00 0.076
1774273021.545 18.00 0.076
1774273021.626 18.00 0.076
1774273021.727 18.00 0.076
1774273021.829 18.00 0.053
1774273021.910 18.00 0.053
1774273022.011 18.00 0.053
1774273022.092 18.00 0.053
1774273022.194 18.00 0.055
1774273022.275 18.00 0.055
1774273022.376 18.00 0.055
1774273022.478 18.00 0.055
1774273022.559 18.00 0.055
1774273022.640 18.00 0.055
1774273022.741 18.00 0.055
1774273022.842 18.00 0.055
1774273022.924 18.00 0.186
1774273023.025 18.00 0.186
1774273023.127 18.00 0.186
1774273023.208 18.00 0.186
1774273023.310 18.00 0.422
1774273023.411 18.00 0.422
1774273023.492 18.00 0.422
1774273023.573 18.00 0.422
1774273023.675 18.00 0.730
1774273023.776 18.00 0.730
1774273023.857 18.00 0.730
1774273023.959 18.00 0.730
1774273024.060 18.00 0.763
1774273024.141 18.00 0.763
1774273024.222 18.00 0.763
1774273024.323 18.00 1.094
1774273024.425 18.00 1.094
1774273024.506 18.00 1.094
1774273024.607 18.00 1.094
1774273024.688 18.00 1.294
1774273024.790 18.00 1.294
1774273024.871 18.00 1.294
1774273024.973 18.00 1.294
1774273025.074 18.00 1.253
1774273025.155 18.00 1.253
1774273025.257 18.00 1.253
1774273025.358 18.00 1.253
1774273025.439 18.00 1.019
1774273025.541 18.00 1.019
1774273025.642 18.00 1.019
1774273025.723 18.00 1.019
1774273025.804 18.00 1.075
1774273025.905 18.00 1.075
1774273026.007 18.00 1.075
1774273026.088 18.00 1.075
1774273026.189 18.00 0.684
1774273026.291 18.00 0.684
1774273026.372 18.00 0.684
1774273026.453 18.00 0.684
1774273026.554 18.00 0.597
1774273026.655 18.00 0.597
1774273026.736 18.00 0.597
1774273026.838 18.00 0.523
1774273026.939 18.00 0.523
1774273027.020 18.00 0.523
1774273027.101 18.00 0.523
1774273027.203 18.00 0.452
1774273027.304 18.00 0.452
1774273027.385 18.00 0.452
1774273027.487 18.00 0.452
1774273027.568 18.00 0.251
1774273027.669 18.00 0.251
1774273027.750 18.00 0.251
1774273027.851 18.00 0.251
1774273027.953 18.00 0.188
1774273028.034 18.00 0.188
1774273028.135 18.00 0.188
1774273028.236 18.00 0.188
1774273028.317 18.00 0.101
1774273028.419 18.00 0.101
1774273028.520 18.00 0.101
1774273028.601 18.00 0.101
1774273028.682 18.00 0.180
1774273028.783 18.00 0.180
1774273028.885 18.00 0.180
1774273028.966 18.00 0.180
1774273029.067 18.00 0.394
1774273029.168 18.00 0.394
1774273029.250 18.00 0.394
1774273029.331 18.00 0.394
1774273029.433 18.00 0.163
1774273029.534 18.00 0.163
1774273029.615 18.00 0.163
1774273029.716 18.00 0.336
1774273029.818 18.00 0.336
1774273029.899 18.00 0.336
1774273029.980 18.00 0.336
1774273030.081 18.00 0.514
1774273030.182 18.00 0.514
1774273030.263 18.00 0.514
1774273030.365 18.00 0.514
1774273030.446 18.00 0.852
1774273030.551 18.00 0.852
1774273030.652 18.00 0.852
1774273030.733 18.00 0.852
1774273030.834 18.00 0.982
1774273030.916 18.00 0.982
1774273031.017 18.00 0.982
1774273031.118 18.00 0.982
1774273031.199 18.00 1.122
1774273031.301 18.00 1.122
1774273031.382 18.00 1.122
1774273031.483 18.00 1.122
1774273031.564 18.00 1.444
1774273031.666 18.00 1.444
1774273031.767 18.00 1.444
1774273031.848 18.00 1.444
1774273031.950 18.00 1.175
1774273032.051 18.00 1.175
1774273032.132 18.00 1.175
1774273032.213 18.00 1.175
1774273032.315 18.00 0.554
1774273032.416 18.00 0.554
1774273032.498 18.00 0.554
1774273032.599 18.00 0.471
1774273032.701 18.00 0.471
1774273032.782 18.00 0.471
1774273032.863 18.00 0.471
1774273032.964 18.00 0.499
1774273033.066 18.00 0.499
1774273033.147 18.00 0.499
1774273033.248 18.00 0.499
1774273033.329 18.00 0.325
1774273033.431 18.00 0.325
1774273033.532 18.00 0.325
1774273033.613 18.00 0.325
1774273033.714 18.00 0.239
1774273033.796 18.00 0.239
1774273033.897 18.00 0.239
1774273033.999 18.00 0.239
1774273034.080 18.00 0.157
1774273034.181 18.00 0.157
1774273034.262 18.00 0.157
1774273034.364 18.00 0.157
1774273034.445 18.00 0.056
1774273034.547 18.00 0.056
1774273034.648 18.00 0.056
1774273034.729 18.00 0.056
1774273034.810 18.00 0.055
1774273034.912 18.00 0.055
1774273034.993 18.00 0.055
1774273035.074 18.00 0.055
1774273035.156 18.00 0.055
1774273035.237 18.00 0.055
1774273035.338 18.00 0.055
1774273035.419 18.00 0.055
1774273035.521 18.00 0.055
1774273035.602 18.00 0.055
1774273035.703 18.00 0.055
1774273035.805 18.00 0.055
1774273035.886 18.00 0.055
1774273035.987 18.00 0.055
1774273036.088 18.00 0.055
1774273036.170 18.00 0.055
1774273036.251 18.00 0.055
1774273036.352 18.00 0.055
1774273036.454 18.00 0.055
1774273036.536 18.00 0.055
1774273036.637 18.00 0.055
1774273036.739 18.00 0.055
1774273036.820 18.00 0.055
